// Jest Snapshot v1, https://goo.gl/fbAQLP

exports[`SellProductBox tests matches snapeshot 1`] = `""`;
