// Jest Snapshot v1, https://goo.gl/fbAQLP

exports[`TopUpBox tests matches snapeshot 1`] = `""`;
